>>> func = __import__('3-say_my_name').say_my_name

:: Both arguments must be strings

>>> func(2, 'Ben')
Traceback (most recent call last):
TypeError: first_name must be a string

>>> func('Ben', 2)
Traceback (most recent call last):
TypeError: last_name must be a string

>>> func(5, [3])
Traceback (most recent call last):
TypeError: first_name must be a string

:: 1 argument is required

>>> func()
Traceback (most recent call last):
TypeError: say_my_name() missing 1 required positional argument: 'first_name'

>>> func("Ikechukwu")
My name is Ikechukwu 